------------------------------------------------------------
Timing Analyzer Summary
------------------------------------------------------------

Type  : Slow 1100mV 100C Model Setup 'I2C_config:i2c_config|counter:counter_100khz|TC_out'
Slack : -3.336
TNS   : -158.086

Type  : Slow 1100mV 100C Model Setup '_clock_50'
Slack : -2.720
TNS   : -2.720

Type  : Slow 1100mV 100C Model Setup '_clock_25'
Slack : -2.417
TNS   : -59.105

Type  : Slow 1100mV 100C Model Hold '_clock_25'
Slack : 0.440
TNS   : 0.000

Type  : Slow 1100mV 100C Model Hold 'I2C_config:i2c_config|counter:counter_100khz|TC_out'
Slack : 0.525
TNS   : 0.000

Type  : Slow 1100mV 100C Model Hold '_clock_50'
Slack : 0.901
TNS   : 0.000

Type  : Slow 1100mV 100C Model Minimum Pulse Width '_clock_50'
Slack : -0.643
TNS   : -1.181

Type  : Slow 1100mV 100C Model Minimum Pulse Width 'I2C_config:i2c_config|counter:counter_100khz|TC_out'
Slack : -0.538
TNS   : -59.836

Type  : Slow 1100mV 100C Model Minimum Pulse Width '_clock_25'
Slack : -0.538
TNS   : -23.087

Type  : Slow 1100mV -40C Model Setup 'I2C_config:i2c_config|counter:counter_100khz|TC_out'
Slack : -3.476
TNS   : -157.387

Type  : Slow 1100mV -40C Model Setup '_clock_50'
Slack : -2.460
TNS   : -2.460

Type  : Slow 1100mV -40C Model Setup '_clock_25'
Slack : -2.406
TNS   : -59.154

Type  : Slow 1100mV -40C Model Hold '_clock_25'
Slack : 0.413
TNS   : 0.000

Type  : Slow 1100mV -40C Model Hold 'I2C_config:i2c_config|counter:counter_100khz|TC_out'
Slack : 0.494
TNS   : 0.000

Type  : Slow 1100mV -40C Model Hold '_clock_50'
Slack : 0.748
TNS   : 0.000

Type  : Slow 1100mV -40C Model Minimum Pulse Width '_clock_50'
Slack : -0.635
TNS   : -1.173

Type  : Slow 1100mV -40C Model Minimum Pulse Width 'I2C_config:i2c_config|counter:counter_100khz|TC_out'
Slack : -0.538
TNS   : -57.712

Type  : Slow 1100mV -40C Model Minimum Pulse Width '_clock_25'
Slack : -0.538
TNS   : -22.789

Type  : Fast 1100mV 100C Model Setup '_clock_50'
Slack : -2.201
TNS   : -2.201

Type  : Fast 1100mV 100C Model Setup 'I2C_config:i2c_config|counter:counter_100khz|TC_out'
Slack : -1.602
TNS   : -60.528

Type  : Fast 1100mV 100C Model Setup '_clock_25'
Slack : -0.839
TNS   : -22.859

Type  : Fast 1100mV 100C Model Hold '_clock_25'
Slack : -0.096
TNS   : -0.584

Type  : Fast 1100mV 100C Model Hold 'I2C_config:i2c_config|counter:counter_100khz|TC_out'
Slack : -0.054
TNS   : -0.054

Type  : Fast 1100mV 100C Model Hold '_clock_50'
Slack : 1.124
TNS   : 0.000

Type  : Fast 1100mV 100C Model Minimum Pulse Width '_clock_50'
Slack : -0.653
TNS   : -1.103

Type  : Fast 1100mV 100C Model Minimum Pulse Width 'I2C_config:i2c_config|counter:counter_100khz|TC_out'
Slack : 0.002
TNS   : 0.000

Type  : Fast 1100mV 100C Model Minimum Pulse Width '_clock_25'
Slack : 0.069
TNS   : 0.000

Type  : Fast 1100mV -40C Model Setup '_clock_50'
Slack : -1.696
TNS   : -1.696

Type  : Fast 1100mV -40C Model Setup 'I2C_config:i2c_config|counter:counter_100khz|TC_out'
Slack : -1.275
TNS   : -46.908

Type  : Fast 1100mV -40C Model Setup '_clock_25'
Slack : -0.684
TNS   : -17.576

Type  : Fast 1100mV -40C Model Hold '_clock_25'
Slack : -0.131
TNS   : -1.512

Type  : Fast 1100mV -40C Model Hold 'I2C_config:i2c_config|counter:counter_100khz|TC_out'
Slack : -0.107
TNS   : -0.217

Type  : Fast 1100mV -40C Model Hold '_clock_50'
Slack : 0.715
TNS   : 0.000

Type  : Fast 1100mV -40C Model Minimum Pulse Width '_clock_50'
Slack : -0.698
TNS   : -1.280

Type  : Fast 1100mV -40C Model Minimum Pulse Width 'I2C_config:i2c_config|counter:counter_100khz|TC_out'
Slack : 0.063
TNS   : 0.000

Type  : Fast 1100mV -40C Model Minimum Pulse Width '_clock_25'
Slack : 0.107
TNS   : 0.000

------------------------------------------------------------
