------------------------------------------------------------
Timing Analyzer Summary
------------------------------------------------------------

Type  : Slow 1100mV 100C Model Setup 'I2C_config:i2c_config|counter:counter_100khz|TC_out'
Slack : -3.228
TNS   : -173.674

Type  : Slow 1100mV 100C Model Setup '_clock_50'
Slack : 15.532
TNS   : 0.000

Type  : Slow 1100mV 100C Model Setup 'i_output|clock_25|pll_inst|altera_pll_i|cyclonev_pll|counter[0].output_counter|divclk'
Slack : 35.701
TNS   : 0.000

Type  : Slow 1100mV 100C Model Hold 'i_output|clock_25|pll_inst|altera_pll_i|cyclonev_pll|counter[0].output_counter|divclk'
Slack : 0.364
TNS   : 0.000

Type  : Slow 1100mV 100C Model Hold 'I2C_config:i2c_config|counter:counter_100khz|TC_out'
Slack : 0.757
TNS   : 0.000

Type  : Slow 1100mV 100C Model Hold '_clock_50'
Slack : 0.818
TNS   : 0.000

Type  : Slow 1100mV 100C Model Minimum Pulse Width 'I2C_config:i2c_config|counter:counter_100khz|TC_out'
Slack : -0.538
TNS   : -63.297

Type  : Slow 1100mV 100C Model Minimum Pulse Width 'i_output|clock_25|pll_inst|altera_pll_i|cyclonev_pll|fpll_0|fpll|vcoph[0]'
Slack : 0.325
TNS   : 0.000

Type  : Slow 1100mV 100C Model Minimum Pulse Width '_clock_50'
Slack : 8.715
TNS   : 0.000

Type  : Slow 1100mV 100C Model Minimum Pulse Width 'i_output|clock_25|pll_inst|altera_pll_i|cyclonev_pll|counter[0].output_counter|divclk'
Slack : 19.140
TNS   : 0.000

Type  : Slow 1100mV -40C Model Setup 'I2C_config:i2c_config|counter:counter_100khz|TC_out'
Slack : -3.271
TNS   : -170.228

Type  : Slow 1100mV -40C Model Setup '_clock_50'
Slack : 15.184
TNS   : 0.000

Type  : Slow 1100mV -40C Model Setup 'i_output|clock_25|pll_inst|altera_pll_i|cyclonev_pll|counter[0].output_counter|divclk'
Slack : 35.695
TNS   : 0.000

Type  : Slow 1100mV -40C Model Hold 'i_output|clock_25|pll_inst|altera_pll_i|cyclonev_pll|counter[0].output_counter|divclk'
Slack : 0.344
TNS   : 0.000

Type  : Slow 1100mV -40C Model Hold 'I2C_config:i2c_config|counter:counter_100khz|TC_out'
Slack : 0.752
TNS   : 0.000

Type  : Slow 1100mV -40C Model Hold '_clock_50'
Slack : 0.913
TNS   : 0.000

Type  : Slow 1100mV -40C Model Minimum Pulse Width 'I2C_config:i2c_config|counter:counter_100khz|TC_out'
Slack : -0.538
TNS   : -62.335

Type  : Slow 1100mV -40C Model Minimum Pulse Width 'i_output|clock_25|pll_inst|altera_pll_i|cyclonev_pll|fpll_0|fpll|vcoph[0]'
Slack : 0.325
TNS   : 0.000

Type  : Slow 1100mV -40C Model Minimum Pulse Width '_clock_50'
Slack : 8.735
TNS   : 0.000

Type  : Slow 1100mV -40C Model Minimum Pulse Width 'i_output|clock_25|pll_inst|altera_pll_i|cyclonev_pll|counter[0].output_counter|divclk'
Slack : 19.055
TNS   : 0.000

Type  : Fast 1100mV 100C Model Setup 'I2C_config:i2c_config|counter:counter_100khz|TC_out'
Slack : -1.344
TNS   : -65.165

Type  : Fast 1100mV 100C Model Setup '_clock_50'
Slack : 17.501
TNS   : 0.000

Type  : Fast 1100mV 100C Model Setup 'i_output|clock_25|pll_inst|altera_pll_i|cyclonev_pll|counter[0].output_counter|divclk'
Slack : 37.724
TNS   : 0.000

Type  : Fast 1100mV 100C Model Hold 'i_output|clock_25|pll_inst|altera_pll_i|cyclonev_pll|counter[0].output_counter|divclk'
Slack : 0.179
TNS   : 0.000

Type  : Fast 1100mV 100C Model Hold 'I2C_config:i2c_config|counter:counter_100khz|TC_out'
Slack : 0.294
TNS   : 0.000

Type  : Fast 1100mV 100C Model Hold '_clock_50'
Slack : 0.305
TNS   : 0.000

Type  : Fast 1100mV 100C Model Minimum Pulse Width 'I2C_config:i2c_config|counter:counter_100khz|TC_out'
Slack : 0.080
TNS   : 0.000

Type  : Fast 1100mV 100C Model Minimum Pulse Width 'i_output|clock_25|pll_inst|altera_pll_i|cyclonev_pll|fpll_0|fpll|vcoph[0]'
Slack : 0.325
TNS   : 0.000

Type  : Fast 1100mV 100C Model Minimum Pulse Width '_clock_50'
Slack : 8.727
TNS   : 0.000

Type  : Fast 1100mV 100C Model Minimum Pulse Width 'i_output|clock_25|pll_inst|altera_pll_i|cyclonev_pll|counter[0].output_counter|divclk'
Slack : 19.419
TNS   : 0.000

Type  : Fast 1100mV -40C Model Setup 'I2C_config:i2c_config|counter:counter_100khz|TC_out'
Slack : -1.098
TNS   : -50.118

Type  : Fast 1100mV -40C Model Setup '_clock_50'
Slack : 17.649
TNS   : 0.000

Type  : Fast 1100mV -40C Model Setup 'i_output|clock_25|pll_inst|altera_pll_i|cyclonev_pll|counter[0].output_counter|divclk'
Slack : 37.907
TNS   : 0.000

Type  : Fast 1100mV -40C Model Hold 'i_output|clock_25|pll_inst|altera_pll_i|cyclonev_pll|counter[0].output_counter|divclk'
Slack : 0.169
TNS   : 0.000

Type  : Fast 1100mV -40C Model Hold 'I2C_config:i2c_config|counter:counter_100khz|TC_out'
Slack : 0.238
TNS   : 0.000

Type  : Fast 1100mV -40C Model Hold '_clock_50'
Slack : 0.290
TNS   : 0.000

Type  : Fast 1100mV -40C Model Minimum Pulse Width 'I2C_config:i2c_config|counter:counter_100khz|TC_out'
Slack : 0.116
TNS   : 0.000

Type  : Fast 1100mV -40C Model Minimum Pulse Width 'i_output|clock_25|pll_inst|altera_pll_i|cyclonev_pll|fpll_0|fpll|vcoph[0]'
Slack : 0.325
TNS   : 0.000

Type  : Fast 1100mV -40C Model Minimum Pulse Width '_clock_50'
Slack : 8.716
TNS   : 0.000

Type  : Fast 1100mV -40C Model Minimum Pulse Width 'i_output|clock_25|pll_inst|altera_pll_i|cyclonev_pll|counter[0].output_counter|divclk'
Slack : 19.408
TNS   : 0.000

------------------------------------------------------------
