Analysis & Synthesis report for HDMI_OUT
Mon Jun 03 21:20:16 2019
Quartus Prime Version 18.1.0 Build 625 09/12/2018 SJ Lite Edition


---------------------
; Table of Contents ;
---------------------
  1. Legal Notice
  2. Analysis & Synthesis Summary
  3. Analysis & Synthesis Settings
  4. Parallel Compilation
  5. Analysis & Synthesis Source Files Read
  6. Analysis & Synthesis Resource Usage Summary
  7. Analysis & Synthesis Resource Utilization by Entity
  8. State Machine - |HDMI_OUT|I2C_config:i2c_config|currentState
  9. State Machine - |HDMI_OUT|I2C_config:i2c_config|I2C_controller:I2C_cont|currentState
 10. State Machine - |HDMI_OUT|I2C_config:i2c_config|I2C_controller:I2C_cont|bytes
 11. Registers Removed During Synthesis
 12. Removed Registers Triggering Further Register Optimizations
 13. General Register Statistics
 14. Inverted Register Statistics
 15. Multiplexer Restructuring Statistics (Restructuring Performed)
 16. Parameter Settings for User Entity Instance: I2C_config:i2c_config
 17. Parameter Settings for User Entity Instance: I2C_config:i2c_config|counter:counter_100khz
 18. Parameter Settings for User Entity Instance: I2C_config:i2c_config|I2C_controller:I2C_cont
 19. Port Connectivity Checks: "I2C_config:i2c_config|counter:counter_100khz"
 20. Port Connectivity Checks: "image_output:i_output|vertical_draw:v_draw"
 21. Post-Synthesis Netlist Statistics for Top Partition
 22. Elapsed Time Per Partition
 23. Analysis & Synthesis Messages
 24. Analysis & Synthesis Suppressed Messages



----------------
; Legal Notice ;
----------------
Copyright (C) 2018  Intel Corporation. All rights reserved.
Your use of Intel Corporation's design tools, logic functions 
and other software and tools, and its AMPP partner logic 
functions, and any output files from any of the foregoing 
(including device programming or simulation files), and any 
associated documentation or information are expressly subject 
to the terms and conditions of the Intel Program License 
Subscription Agreement, the Intel Quartus Prime License Agreement,
the Intel FPGA IP License Agreement, or other applicable license
agreement, including, without limitation, that your use is for
the sole purpose of programming logic devices manufactured by
Intel and sold by Intel or its authorized distributors.  Please
refer to the applicable agreement for further details.



+-------------------------------------------------------------------------------+
; Analysis & Synthesis Summary                                                  ;
+---------------------------------+---------------------------------------------+
; Analysis & Synthesis Status     ; Successful - Mon Jun 03 21:20:16 2019       ;
; Quartus Prime Version           ; 18.1.0 Build 625 09/12/2018 SJ Lite Edition ;
; Revision Name                   ; HDMI_OUT                                    ;
; Top-level Entity Name           ; HDMI_OUT                                    ;
; Family                          ; Cyclone V                                   ;
; Logic utilization (in ALMs)     ; N/A                                         ;
; Total registers                 ; 87                                          ;
; Total pins                      ; 36                                          ;
; Total virtual pins              ; 0                                           ;
; Total block memory bits         ; 0                                           ;
; Total DSP Blocks                ; 0                                           ;
; Total HSSI RX PCSs              ; 0                                           ;
; Total HSSI PMA RX Deserializers ; 0                                           ;
; Total HSSI TX PCSs              ; 0                                           ;
; Total HSSI PMA TX Serializers   ; 0                                           ;
; Total PLLs                      ; 0                                           ;
; Total DLLs                      ; 0                                           ;
+---------------------------------+---------------------------------------------+


+---------------------------------------------------------------------------------------------------------------------------+
; Analysis & Synthesis Settings                                                                                             ;
+---------------------------------------------------------------------------------+--------------------+--------------------+
; Option                                                                          ; Setting            ; Default Value      ;
+---------------------------------------------------------------------------------+--------------------+--------------------+
; Device                                                                          ; 5CSEBA6U23I7DK     ;                    ;
; Top-level entity name                                                           ; HDMI_OUT           ; HDMI_OUT           ;
; Family name                                                                     ; Cyclone V          ; Cyclone V          ;
; Use smart compilation                                                           ; Off                ; Off                ;
; Enable parallel Assembler and Timing Analyzer during compilation                ; On                 ; On                 ;
; Enable compact report table                                                     ; Off                ; Off                ;
; Restructure Multiplexers                                                        ; Auto               ; Auto               ;
; MLAB Add Timing Constraints For Mixed-Port Feed-Through Mode Setting Don't Care ; Off                ; Off                ;
; Create Debugging Nodes for IP Cores                                             ; Off                ; Off                ;
; Preserve fewer node names                                                       ; On                 ; On                 ;
; Intel FPGA IP Evaluation Mode                                                   ; Enable             ; Enable             ;
; Verilog Version                                                                 ; Verilog_2001       ; Verilog_2001       ;
; VHDL Version                                                                    ; VHDL_1993          ; VHDL_1993          ;
; State Machine Processing                                                        ; Auto               ; Auto               ;
; Safe State Machine                                                              ; Off                ; Off                ;
; Extract Verilog State Machines                                                  ; On                 ; On                 ;
; Extract VHDL State Machines                                                     ; On                 ; On                 ;
; Ignore Verilog initial constructs                                               ; Off                ; Off                ;
; Iteration limit for constant Verilog loops                                      ; 5000               ; 5000               ;
; Iteration limit for non-constant Verilog loops                                  ; 250                ; 250                ;
; Add Pass-Through Logic to Inferred RAMs                                         ; On                 ; On                 ;
; Infer RAMs from Raw Logic                                                       ; On                 ; On                 ;
; Parallel Synthesis                                                              ; On                 ; On                 ;
; DSP Block Balancing                                                             ; Auto               ; Auto               ;
; NOT Gate Push-Back                                                              ; On                 ; On                 ;
; Power-Up Don't Care                                                             ; On                 ; On                 ;
; Remove Redundant Logic Cells                                                    ; Off                ; Off                ;
; Remove Duplicate Registers                                                      ; On                 ; On                 ;
; Ignore CARRY Buffers                                                            ; Off                ; Off                ;
; Ignore CASCADE Buffers                                                          ; Off                ; Off                ;
; Ignore GLOBAL Buffers                                                           ; Off                ; Off                ;
; Ignore ROW GLOBAL Buffers                                                       ; Off                ; Off                ;
; Ignore LCELL Buffers                                                            ; Off                ; Off                ;
; Ignore SOFT Buffers                                                             ; On                 ; On                 ;
; Limit AHDL Integers to 32 Bits                                                  ; Off                ; Off                ;
; Optimization Technique                                                          ; Balanced           ; Balanced           ;
; Carry Chain Length                                                              ; 70                 ; 70                 ;
; Auto Carry Chains                                                               ; On                 ; On                 ;
; Auto Open-Drain Pins                                                            ; On                 ; On                 ;
; Perform WYSIWYG Primitive Resynthesis                                           ; Off                ; Off                ;
; Auto ROM Replacement                                                            ; On                 ; On                 ;
; Auto RAM Replacement                                                            ; On                 ; On                 ;
; Auto DSP Block Replacement                                                      ; On                 ; On                 ;
; Auto Shift Register Replacement                                                 ; Auto               ; Auto               ;
; Allow Shift Register Merging across Hierarchies                                 ; Auto               ; Auto               ;
; Auto Clock Enable Replacement                                                   ; On                 ; On                 ;
; Strict RAM Replacement                                                          ; Off                ; Off                ;
; Allow Synchronous Control Signals                                               ; On                 ; On                 ;
; Force Use of Synchronous Clear Signals                                          ; Off                ; Off                ;
; Auto Resource Sharing                                                           ; Off                ; Off                ;
; Allow Any RAM Size For Recognition                                              ; Off                ; Off                ;
; Allow Any ROM Size For Recognition                                              ; Off                ; Off                ;
; Allow Any Shift Register Size For Recognition                                   ; Off                ; Off                ;
; Use LogicLock Constraints during Resource Balancing                             ; On                 ; On                 ;
; Ignore translate_off and synthesis_off directives                               ; Off                ; Off                ;
; Timing-Driven Synthesis                                                         ; On                 ; On                 ;
; Report Parameter Settings                                                       ; On                 ; On                 ;
; Report Source Assignments                                                       ; On                 ; On                 ;
; Report Connectivity Checks                                                      ; On                 ; On                 ;
; Ignore Maximum Fan-Out Assignments                                              ; Off                ; Off                ;
; Synchronization Register Chain Length                                           ; 3                  ; 3                  ;
; Power Optimization During Synthesis                                             ; Normal compilation ; Normal compilation ;
; HDL message level                                                               ; Level2             ; Level2             ;
; Suppress Register Optimization Related Messages                                 ; Off                ; Off                ;
; Number of Removed Registers Reported in Synthesis Report                        ; 5000               ; 5000               ;
; Number of Swept Nodes Reported in Synthesis Report                              ; 5000               ; 5000               ;
; Number of Inverted Registers Reported in Synthesis Report                       ; 100                ; 100                ;
; Clock MUX Protection                                                            ; On                 ; On                 ;
; Auto Gated Clock Conversion                                                     ; Off                ; Off                ;
; Block Design Naming                                                             ; Auto               ; Auto               ;
; SDC constraint protection                                                       ; Off                ; Off                ;
; Synthesis Effort                                                                ; Auto               ; Auto               ;
; Shift Register Replacement - Allow Asynchronous Clear Signal                    ; On                 ; On                 ;
; Pre-Mapping Resynthesis Optimization                                            ; Off                ; Off                ;
; Analysis & Synthesis Message Level                                              ; Medium             ; Medium             ;
; Disable Register Merging Across Hierarchies                                     ; Auto               ; Auto               ;
; Resource Aware Inference For Block RAM                                          ; On                 ; On                 ;
; Automatic Parallel Synthesis                                                    ; On                 ; On                 ;
; Partial Reconfiguration Bitstream ID                                            ; Off                ; Off                ;
+---------------------------------------------------------------------------------+--------------------+--------------------+


+------------------------------------------+
; Parallel Compilation                     ;
+----------------------------+-------------+
; Processors                 ; Number      ;
+----------------------------+-------------+
; Number detected on machine ; 8           ;
; Maximum allowed            ; 4           ;
;                            ;             ;
; Average used               ; 1.00        ;
; Maximum used               ; 4           ;
;                            ;             ;
; Usage by Processor         ; % Time Used ;
;     Processor 1            ; 100.0%      ;
;     Processors 2-4         ;   0.0%      ;
+----------------------------+-------------+


+--------------------------------------------------------------------------------------------------------------------------------------------------------+
; Analysis & Synthesis Source Files Read                                                                                                                 ;
+----------------------------------+-----------------+------------------------+----------------------------------------------------------------+---------+
; File Name with User-Entered Path ; Used in Netlist ; File Type              ; File Name with Absolute Path                                   ; Library ;
+----------------------------------+-----------------+------------------------+----------------------------------------------------------------+---------+
; HDMI_OUT.v                       ; yes             ; User Verilog HDL File  ; C:/Users/Tim/Desktop/hdmi-add-project/HDMI_TX/HDMI_OUT.v       ;         ;
; vertical_draw.v                  ; yes             ; User Verilog HDL File  ; C:/Users/Tim/Desktop/hdmi-add-project/HDMI_TX/vertical_draw.v  ;         ;
; image_output.v                   ; yes             ; User Verilog HDL File  ; C:/Users/Tim/Desktop/hdmi-add-project/HDMI_TX/image_output.v   ;         ;
; I2C_config.v                     ; yes             ; User Verilog HDL File  ; C:/Users/Tim/Desktop/hdmi-add-project/HDMI_TX/I2C_config.v     ;         ;
; I2C_controller.v                 ; yes             ; User Verilog HDL File  ; C:/Users/Tim/Desktop/hdmi-add-project/HDMI_TX/I2C_controller.v ;         ;
; counter.v                        ; yes             ; User Verilog HDL File  ; C:/Users/Tim/Desktop/hdmi-add-project/HDMI_TX/counter.v        ;         ;
+----------------------------------+-----------------+------------------------+----------------------------------------------------------------+---------+


+---------------------------------------------------------------------------------------------------+
; Analysis & Synthesis Resource Usage Summary                                                       ;
+---------------------------------------------+-----------------------------------------------------+
; Resource                                    ; Usage                                               ;
+---------------------------------------------+-----------------------------------------------------+
; Estimate of Logic utilization (ALMs needed) ; 51                                                  ;
;                                             ;                                                     ;
; Combinational ALUT usage for logic          ; 76                                                  ;
;     -- 7 input functions                    ; 0                                                   ;
;     -- 6 input functions                    ; 23                                                  ;
;     -- 5 input functions                    ; 16                                                  ;
;     -- 4 input functions                    ; 10                                                  ;
;     -- <=3 input functions                  ; 27                                                  ;
;                                             ;                                                     ;
; Dedicated logic registers                   ; 87                                                  ;
;                                             ;                                                     ;
; I/O pins                                    ; 36                                                  ;
;                                             ;                                                     ;
; Total DSP Blocks                            ; 0                                                   ;
;                                             ;                                                     ;
; Maximum fan-out node                        ; I2C_config:i2c_config|counter:counter_100khz|TC_out ;
; Maximum fan-out                             ; 61                                                  ;
; Total fan-out                               ; 590                                                 ;
; Average fan-out                             ; 2.50                                                ;
+---------------------------------------------+-----------------------------------------------------+


+------------------------------------------------------------------------------------------------------------------------------------------------------------------------------------------------------------------------------------+
; Analysis & Synthesis Resource Utilization by Entity                                                                                                                                                                                ;
+---------------------------------+---------------------+---------------------------+-------------------+------------+------+--------------+---------------------------------------------------------+----------------+--------------+
; Compilation Hierarchy Node      ; Combinational ALUTs ; Dedicated Logic Registers ; Block Memory Bits ; DSP Blocks ; Pins ; Virtual Pins ; Full Hierarchy Name                                     ; Entity Name    ; Library Name ;
+---------------------------------+---------------------+---------------------------+-------------------+------------+------+--------------+---------------------------------------------------------+----------------+--------------+
; |HDMI_OUT                       ; 76 (1)              ; 87 (1)                    ; 0                 ; 0          ; 36   ; 0            ; |HDMI_OUT                                               ; HDMI_OUT       ; work         ;
;    |I2C_config:i2c_config|      ; 75 (29)             ; 86 (43)                   ; 0                 ; 0          ; 0    ; 0            ; |HDMI_OUT|I2C_config:i2c_config                         ; I2C_config     ; work         ;
;       |I2C_controller:I2C_cont| ; 36 (36)             ; 34 (34)                   ; 0                 ; 0          ; 0    ; 0            ; |HDMI_OUT|I2C_config:i2c_config|I2C_controller:I2C_cont ; I2C_controller ; work         ;
;       |counter:counter_100khz|  ; 10 (10)             ; 9 (9)                     ; 0                 ; 0          ; 0    ; 0            ; |HDMI_OUT|I2C_config:i2c_config|counter:counter_100khz  ; counter        ; work         ;
+---------------------------------+---------------------+---------------------------+-------------------+------------+------+--------------+---------------------------------------------------------+----------------+--------------+
Note: For table entries with two numbers listed, the numbers in parentheses indicate the number of resources of the given type used by the specific entity alone. The numbers listed outside of parentheses indicate the total resources of the given type used by the specific entity and all of its sub-entities in the hierarchy.


Encoding Type:  One-Hot
+---------------------------------------------------------------------------+
; State Machine - |HDMI_OUT|I2C_config:i2c_config|currentState              ;
+------------------+------------------+------------------+------------------+
; Name             ; currentState.000 ; currentState.010 ; currentState.001 ;
+------------------+------------------+------------------+------------------+
; currentState.000 ; 0                ; 0                ; 0                ;
; currentState.001 ; 1                ; 0                ; 1                ;
; currentState.010 ; 1                ; 1                ; 0                ;
+------------------+------------------+------------------+------------------+


Encoding Type:  One-Hot
+-------------------------------------------------------------------------------------------------------------------------------------------------------------------------------------------------------------------------------------------------------------------+
; State Machine - |HDMI_OUT|I2C_config:i2c_config|I2C_controller:I2C_cont|currentState                                                                                                                                                                              ;
+-------------------+-------------------+-------------------+-------------------+-------------------+-------------------+-------------------+-------------------+-------------------+-------------------+-------------------+-------------------+-------------------+
; Name              ; currentState.1011 ; currentState.1010 ; currentState.1001 ; currentState.1000 ; currentState.0111 ; currentState.0110 ; currentState.0101 ; currentState.0100 ; currentState.0011 ; currentState.0010 ; currentState.0001 ; currentState.0000 ;
+-------------------+-------------------+-------------------+-------------------+-------------------+-------------------+-------------------+-------------------+-------------------+-------------------+-------------------+-------------------+-------------------+
; currentState.0000 ; 0                 ; 0                 ; 0                 ; 0                 ; 0                 ; 0                 ; 0                 ; 0                 ; 0                 ; 0                 ; 0                 ; 0                 ;
; currentState.0001 ; 0                 ; 0                 ; 0                 ; 0                 ; 0                 ; 0                 ; 0                 ; 0                 ; 0                 ; 0                 ; 1                 ; 1                 ;
; currentState.0010 ; 0                 ; 0                 ; 0                 ; 0                 ; 0                 ; 0                 ; 0                 ; 0                 ; 0                 ; 1                 ; 0                 ; 1                 ;
; currentState.0011 ; 0                 ; 0                 ; 0                 ; 0                 ; 0                 ; 0                 ; 0                 ; 0                 ; 1                 ; 0                 ; 0                 ; 1                 ;
; currentState.0100 ; 0                 ; 0                 ; 0                 ; 0                 ; 0                 ; 0                 ; 0                 ; 1                 ; 0                 ; 0                 ; 0                 ; 1                 ;
; currentState.0101 ; 0                 ; 0                 ; 0                 ; 0                 ; 0                 ; 0                 ; 1                 ; 0                 ; 0                 ; 0                 ; 0                 ; 1                 ;
; currentState.0110 ; 0                 ; 0                 ; 0                 ; 0                 ; 0                 ; 1                 ; 0                 ; 0                 ; 0                 ; 0                 ; 0                 ; 1                 ;
; currentState.0111 ; 0                 ; 0                 ; 0                 ; 0                 ; 1                 ; 0                 ; 0                 ; 0                 ; 0                 ; 0                 ; 0                 ; 1                 ;
; currentState.1000 ; 0                 ; 0                 ; 0                 ; 1                 ; 0                 ; 0                 ; 0                 ; 0                 ; 0                 ; 0                 ; 0                 ; 1                 ;
; currentState.1001 ; 0                 ; 0                 ; 1                 ; 0                 ; 0                 ; 0                 ; 0                 ; 0                 ; 0                 ; 0                 ; 0                 ; 1                 ;
; currentState.1010 ; 0                 ; 1                 ; 0                 ; 0                 ; 0                 ; 0                 ; 0                 ; 0                 ; 0                 ; 0                 ; 0                 ; 1                 ;
; currentState.1011 ; 1                 ; 0                 ; 0                 ; 0                 ; 0                 ; 0                 ; 0                 ; 0                 ; 0                 ; 0                 ; 0                 ; 1                 ;
+-------------------+-------------------+-------------------+-------------------+-------------------+-------------------+-------------------+-------------------+-------------------+-------------------+-------------------+-------------------+-------------------+


Encoding Type:  One-Hot
+-------------------------------------------------------------------------------+
; State Machine - |HDMI_OUT|I2C_config:i2c_config|I2C_controller:I2C_cont|bytes ;
+----------------+----------------+----------------+----------------------------+
; Name           ; bytes.00000000 ; bytes.byte_num ; bytes.00000001             ;
+----------------+----------------+----------------+----------------------------+
; bytes.00000000 ; 0              ; 0              ; 0                          ;
; bytes.00000001 ; 1              ; 0              ; 1                          ;
; bytes.byte_num ; 1              ; 1              ; 0                          ;
+----------------+----------------+----------------+----------------------------+


+---------------------------------------------------------------------------------------------------------------+
; Registers Removed During Synthesis                                                                            ;
+----------------------------------------------------------------------+----------------------------------------+
; Register name                                                        ; Reason for Removal                     ;
+----------------------------------------------------------------------+----------------------------------------+
; I2C_config:i2c_config|lookup_table_data[16]                          ; Stuck at GND due to stuck port data_in ;
; image_output:i_output|data_enable                                    ; Stuck at GND due to stuck port clock   ;
; image_output:i_output|red[0..7]                                      ; Stuck at GND due to stuck port clock   ;
; image_output:i_output|green[0..7]                                    ; Stuck at GND due to stuck port clock   ;
; image_output:i_output|blue[0..7]                                     ; Stuck at GND due to stuck port clock   ;
; image_output:i_output|vertical_draw:v_draw|draw_flag                 ; Lost fanout                            ;
; image_output:i_output|vertical_draw:v_draw|horz_pxl[0..2]            ; Stuck at GND due to stuck port clock   ;
; image_output:i_output|vertical_draw:v_draw|h_count_flag              ; Stuck at GND due to stuck port clock   ;
; image_output:i_output|vertical_draw:v_draw|v_sync                    ; Stuck at GND due to stuck port clock   ;
; image_output:i_output|vertical_draw:v_draw|h_sync                    ; Stuck at GND due to stuck port clock   ;
; image_output:i_output|vertical_draw:v_draw|horz_pxl[3..9]            ; Stuck at GND due to stuck port clock   ;
; image_output:i_output|vertical_draw:v_draw|vert_pxl[0..9]            ; Stuck at GND due to stuck port clock   ;
; I2C_config:i2c_config|i2c_data[16,17]                                ; Stuck at GND due to stuck port data_in ;
; I2C_config:i2c_config|i2c_data[18]                                   ; Stuck at VCC due to stuck port data_in ;
; I2C_config:i2c_config|i2c_data[19,20]                                ; Stuck at GND due to stuck port data_in ;
; I2C_config:i2c_config|i2c_data[21..23]                               ; Stuck at VCC due to stuck port data_in ;
; I2C_config:i2c_config|I2C_controller:I2C_cont|slave_address_write[0] ; Stuck at GND due to stuck port data_in ;
; I2C_config:i2c_config|currentState~7                                 ; Lost fanout                            ;
; I2C_config:i2c_config|I2C_controller:I2C_cont|currentState~2         ; Lost fanout                            ;
; I2C_config:i2c_config|I2C_controller:I2C_cont|currentState~3         ; Lost fanout                            ;
; I2C_config:i2c_config|I2C_controller:I2C_cont|currentState~4         ; Lost fanout                            ;
; I2C_config:i2c_config|I2C_controller:I2C_cont|currentState~5         ; Lost fanout                            ;
; I2C_config:i2c_config|I2C_controller:I2C_cont|bytes~6                ; Lost fanout                            ;
; I2C_config:i2c_config|I2C_controller:I2C_cont|bytes~7                ; Lost fanout                            ;
; I2C_config:i2c_config|I2C_controller:I2C_cont|bytes~8                ; Lost fanout                            ;
; I2C_config:i2c_config|I2C_controller:I2C_cont|bytes~9                ; Lost fanout                            ;
; I2C_config:i2c_config|I2C_controller:I2C_cont|bytes~10               ; Lost fanout                            ;
; I2C_config:i2c_config|I2C_controller:I2C_cont|bytes~11               ; Lost fanout                            ;
; I2C_config:i2c_config|I2C_controller:I2C_cont|currentState.1011      ; Stuck at GND due to stuck port data_in ;
; Total Number of Removed Registers = 71                               ;                                        ;
+----------------------------------------------------------------------+----------------------------------------+


+------------------------------------------------------------------------------------------------------------------------------------------------------------+
; Removed Registers Triggering Further Register Optimizations                                                                                                ;
+---------------------------------------------------------+---------------------------+----------------------------------------------------------------------+
; Register name                                           ; Reason for Removal        ; Registers Removed due to This Register                               ;
+---------------------------------------------------------+---------------------------+----------------------------------------------------------------------+
; image_output:i_output|vertical_draw:v_draw|h_count_flag ; Stuck at GND              ; image_output:i_output|vertical_draw:v_draw|v_sync,                   ;
;                                                         ; due to stuck port clock   ; image_output:i_output|vertical_draw:v_draw|h_sync,                   ;
;                                                         ;                           ; image_output:i_output|vertical_draw:v_draw|horz_pxl[3],              ;
;                                                         ;                           ; image_output:i_output|vertical_draw:v_draw|horz_pxl[4],              ;
;                                                         ;                           ; image_output:i_output|vertical_draw:v_draw|horz_pxl[6],              ;
;                                                         ;                           ; image_output:i_output|vertical_draw:v_draw|vert_pxl[0],              ;
;                                                         ;                           ; image_output:i_output|vertical_draw:v_draw|vert_pxl[1],              ;
;                                                         ;                           ; image_output:i_output|vertical_draw:v_draw|vert_pxl[2],              ;
;                                                         ;                           ; image_output:i_output|vertical_draw:v_draw|vert_pxl[3],              ;
;                                                         ;                           ; image_output:i_output|vertical_draw:v_draw|vert_pxl[4],              ;
;                                                         ;                           ; image_output:i_output|vertical_draw:v_draw|vert_pxl[5],              ;
;                                                         ;                           ; image_output:i_output|vertical_draw:v_draw|vert_pxl[6]               ;
; I2C_config:i2c_config|lookup_table_data[16]             ; Stuck at GND              ; I2C_config:i2c_config|i2c_data[16],                                  ;
;                                                         ; due to stuck port data_in ; I2C_config:i2c_config|I2C_controller:I2C_cont|slave_address_write[0] ;
; image_output:i_output|red[7]                            ; Stuck at GND              ; image_output:i_output|vertical_draw:v_draw|draw_flag                 ;
;                                                         ; due to stuck port clock   ;                                                                      ;
+---------------------------------------------------------+---------------------------+----------------------------------------------------------------------+


+------------------------------------------------------+
; General Register Statistics                          ;
+----------------------------------------------+-------+
; Statistic                                    ; Value ;
+----------------------------------------------+-------+
; Total registers                              ; 87    ;
; Number of registers using Synchronous Clear  ; 25    ;
; Number of registers using Synchronous Load   ; 0     ;
; Number of registers using Asynchronous Clear ; 0     ;
; Number of registers using Asynchronous Load  ; 0     ;
; Number of registers using Clock Enable       ; 38    ;
; Number of registers using Preset             ; 0     ;
+----------------------------------------------+-------+


+--------------------------------------------------+
; Inverted Register Statistics                     ;
+----------------------------------------+---------+
; Inverted Register                      ; Fan out ;
+----------------------------------------+---------+
; I2C_config:i2c_config|setup            ; 12      ;
; Total number of inverted registers = 1 ;         ;
+----------------------------------------+---------+


+----------------------------------------------------------------------------------------------------------------------------------------------------------------------------------------------+
; Multiplexer Restructuring Statistics (Restructuring Performed)                                                                                                                               ;
+--------------------+-----------+---------------+----------------------+------------------------+------------+--------------------------------------------------------------------------------+
; Multiplexer Inputs ; Bus Width ; Baseline Area ; Area if Restructured ; Saving if Restructured ; Registered ; Example Multiplexer Output                                                     ;
+--------------------+-----------+---------------+----------------------+------------------------+------------+--------------------------------------------------------------------------------+
; 3:1                ; 6 bits    ; 12 LEs        ; 6 LEs                ; 6 LEs                  ; Yes        ; |HDMI_OUT|I2C_config:i2c_config|lookup_table_index[3]                          ;
; 5:1                ; 8 bits    ; 24 LEs        ; 0 LEs                ; 24 LEs                 ; Yes        ; |HDMI_OUT|I2C_config:i2c_config|I2C_controller:I2C_cont|count[5]               ;
; 7:1                ; 8 bits    ; 32 LEs        ; 16 LEs               ; 16 LEs                 ; Yes        ; |HDMI_OUT|I2C_config:i2c_config|I2C_controller:I2C_cont|slave_address_write[7] ;
+--------------------+-----------+---------------+----------------------+------------------------+------------+--------------------------------------------------------------------------------+


+--------------------------------------------------------------------+
; Parameter Settings for User Entity Instance: I2C_config:i2c_config ;
+-------------------+-------+----------------------------------------+
; Parameter Name    ; Value ; Type                                   ;
+-------------------+-------+----------------------------------------+
; lookup_table_size ; 25    ; Signed Integer                         ;
+-------------------+-------+----------------------------------------+
Note: In order to hide this table in the UI and the text report file, please set the "Show Parameter Settings in Synthesis Report" option in "Analysis and Synthesis Settings -> More Settings" to "Off".


+-------------------------------------------------------------------------------------------+
; Parameter Settings for User Entity Instance: I2C_config:i2c_config|counter:counter_100khz ;
+----------------+-------+------------------------------------------------------------------+
; Parameter Name ; Value ; Type                                                             ;
+----------------+-------+------------------------------------------------------------------+
; width          ; 8     ; Signed Integer                                                   ;
+----------------+-------+------------------------------------------------------------------+
Note: In order to hide this table in the UI and the text report file, please set the "Show Parameter Settings in Synthesis Report" option in "Analysis and Synthesis Settings -> More Settings" to "Off".


+--------------------------------------------------------------------------------------------+
; Parameter Settings for User Entity Instance: I2C_config:i2c_config|I2C_controller:I2C_cont ;
+----------------+----------+----------------------------------------------------------------+
; Parameter Name ; Value    ; Type                                                           ;
+----------------+----------+----------------------------------------------------------------+
; byte_num       ; 00000010 ; Unsigned Binary                                                ;
+----------------+----------+----------------------------------------------------------------+
Note: In order to hide this table in the UI and the text report file, please set the "Show Parameter Settings in Synthesis Report" option in "Analysis and Synthesis Settings -> More Settings" to "Off".


+--------------------------------------------------------------------------+
; Port Connectivity Checks: "I2C_config:i2c_config|counter:counter_100khz" ;
+--------+--------+----------+---------------------------------------------+
; Port   ; Type   ; Severity ; Details                                     ;
+--------+--------+----------+---------------------------------------------+
; MR_n   ; Input  ; Info     ; Stuck at VCC                                ;
; CEP    ; Input  ; Info     ; Stuck at VCC                                ;
; PE_n   ; Input  ; Info     ; Stuck at VCC                                ;
; Dn     ; Input  ; Info     ; Explicitly unconnected                      ;
; Qn_out ; Output ; Info     ; Explicitly unconnected                      ;
+--------+--------+----------+---------------------------------------------+


+------------------------------------------------------------------------+
; Port Connectivity Checks: "image_output:i_output|vertical_draw:v_draw" ;
+-------------------------+-------+----------+---------------------------+
; Port                    ; Type  ; Severity ; Details                   ;
+-------------------------+-------+----------+---------------------------+
; v_back_porch[11..6]     ; Input ; Info     ; Stuck at GND              ;
; v_back_porch[4..0]      ; Input ; Info     ; Stuck at GND              ;
; v_back_porch[5]         ; Input ; Info     ; Stuck at VCC              ;
; v_front_porch[11..4]    ; Input ; Info     ; Stuck at GND              ;
; v_front_porch[2..1]     ; Input ; Info     ; Stuck at GND              ;
; v_front_porch[3]        ; Input ; Info     ; Stuck at VCC              ;
; v_front_porch[0]        ; Input ; Info     ; Stuck at VCC              ;
; v_sync_length[11..1]    ; Input ; Info     ; Stuck at GND              ;
; v_sync_length[0]        ; Input ; Info     ; Stuck at VCC              ;
; v_active_pixels[8..6]   ; Input ; Info     ; Stuck at VCC              ;
; v_active_pixels[4..0]   ; Input ; Info     ; Stuck at VCC              ;
; v_active_pixels[11..9]  ; Input ; Info     ; Stuck at GND              ;
; v_active_pixels[5]      ; Input ; Info     ; Stuck at GND              ;
; v_total_pixels[3..2]    ; Input ; Info     ; Stuck at VCC              ;
; v_total_pixels[11..10]  ; Input ; Info     ; Stuck at GND              ;
; v_total_pixels[8..4]    ; Input ; Info     ; Stuck at GND              ;
; v_total_pixels[1..0]    ; Input ; Info     ; Stuck at GND              ;
; v_total_pixels[9]       ; Input ; Info     ; Stuck at VCC              ;
; h_back_porch[3..0]      ; Input ; Info     ; Stuck at VCC              ;
; h_back_porch[11..6]     ; Input ; Info     ; Stuck at GND              ;
; h_back_porch[5]         ; Input ; Info     ; Stuck at VCC              ;
; h_back_porch[4]         ; Input ; Info     ; Stuck at GND              ;
; h_front_porch[3..0]     ; Input ; Info     ; Stuck at VCC              ;
; h_front_porch[11..4]    ; Input ; Info     ; Stuck at GND              ;
; h_sync_length[4..0]     ; Input ; Info     ; Stuck at VCC              ;
; h_sync_length[11..7]    ; Input ; Info     ; Stuck at GND              ;
; h_sync_length[6]        ; Input ; Info     ; Stuck at VCC              ;
; h_sync_length[5]        ; Input ; Info     ; Stuck at GND              ;
; h_active_pixels[6..0]   ; Input ; Info     ; Stuck at VCC              ;
; h_active_pixels[11..10] ; Input ; Info     ; Stuck at GND              ;
; h_active_pixels[8..7]   ; Input ; Info     ; Stuck at GND              ;
; h_active_pixels[9]      ; Input ; Info     ; Stuck at VCC              ;
; h_total_pixels[9..8]    ; Input ; Info     ; Stuck at VCC              ;
; h_total_pixels[4..0]    ; Input ; Info     ; Stuck at VCC              ;
; h_total_pixels[11..10]  ; Input ; Info     ; Stuck at GND              ;
; h_total_pixels[7..5]    ; Input ; Info     ; Stuck at GND              ;
+-------------------------+-------+----------+---------------------------+


+-----------------------------------------------------+
; Post-Synthesis Netlist Statistics for Top Partition ;
+-----------------------+-----------------------------+
; Type                  ; Count                       ;
+-----------------------+-----------------------------+
; arriav_ff             ; 87                          ;
;     ENA               ; 30                          ;
;     ENA SCLR          ; 8                           ;
;     SCLR              ; 17                          ;
;     plain             ; 32                          ;
; arriav_io_obuf        ; 1                           ;
; arriav_lcell_comb     ; 77                          ;
;     arith             ; 16                          ;
;         1 data inputs ; 16                          ;
;     normal            ; 61                          ;
;         0 data inputs ; 1                           ;
;         1 data inputs ; 1                           ;
;         2 data inputs ; 7                           ;
;         3 data inputs ; 3                           ;
;         4 data inputs ; 10                          ;
;         5 data inputs ; 16                          ;
;         6 data inputs ; 23                          ;
; boundary_port         ; 36                          ;
;                       ;                             ;
; Max LUT depth         ; 3.00                        ;
; Average LUT depth     ; 1.30                        ;
+-----------------------+-----------------------------+


+-------------------------------+
; Elapsed Time Per Partition    ;
+----------------+--------------+
; Partition Name ; Elapsed Time ;
+----------------+--------------+
; Top            ; 00:00:00     ;
+----------------+--------------+


+-------------------------------+
; Analysis & Synthesis Messages ;
+-------------------------------+
Info: *******************************************************************
Info: Running Quartus Prime Analysis & Synthesis
    Info: Version 18.1.0 Build 625 09/12/2018 SJ Lite Edition
    Info: Processing started: Mon Jun 03 21:20:06 2019
Info: Command: quartus_map --read_settings_files=on --write_settings_files=off HDMI_OUT -c HDMI_OUT
Warning (18236): Number of processors has not been specified which may cause overloading on shared machines.  Set the global assignment NUM_PARALLEL_PROCESSORS in your QSF to an appropriate value for best performance.
Info (20030): Parallel compilation is enabled and will use 4 of the 4 processors detected
Info (12021): Found 1 design units, including 1 entities, in source file hdmi_out.v
    Info (12023): Found entity 1: HDMI_OUT File: C:/Users/Tim/Desktop/hdmi-add-project/HDMI_TX/HDMI_OUT.v Line: 1
Info (12021): Found 1 design units, including 1 entities, in source file vertical_draw.v
    Info (12023): Found entity 1: vertical_draw File: C:/Users/Tim/Desktop/hdmi-add-project/HDMI_TX/vertical_draw.v Line: 8
Info (12021): Found 1 design units, including 1 entities, in source file image_output.v
    Info (12023): Found entity 1: image_output File: C:/Users/Tim/Desktop/hdmi-add-project/HDMI_TX/image_output.v Line: 1
Info (12021): Found 1 design units, including 1 entities, in source file i2c_config.v
    Info (12023): Found entity 1: I2C_config File: C:/Users/Tim/Desktop/hdmi-add-project/HDMI_TX/I2C_config.v Line: 1
Info (12021): Found 1 design units, including 1 entities, in source file i2c_controller.v
    Info (12023): Found entity 1: I2C_controller File: C:/Users/Tim/Desktop/hdmi-add-project/HDMI_TX/I2C_controller.v Line: 1
Info (12021): Found 1 design units, including 1 entities, in source file counter.v
    Info (12023): Found entity 1: counter File: C:/Users/Tim/Desktop/hdmi-add-project/HDMI_TX/counter.v Line: 3
Warning (10236): Verilog HDL Implicit Net warning at image_output.v(89): created implicit net for "_data_enable" File: C:/Users/Tim/Desktop/hdmi-add-project/HDMI_TX/image_output.v Line: 89
Info (12127): Elaborating entity "HDMI_OUT" for the top level hierarchy
Info (12128): Elaborating entity "image_output" for hierarchy "image_output:i_output" File: C:/Users/Tim/Desktop/hdmi-add-project/HDMI_TX/HDMI_OUT.v Line: 51
Warning (10036): Verilog HDL or VHDL warning at image_output.v(89): object "_data_enable" assigned a value but never read File: C:/Users/Tim/Desktop/hdmi-add-project/HDMI_TX/image_output.v Line: 89
Warning (10230): Verilog HDL assignment warning at image_output.v(66): truncated value with size 32 to match size of target (10) File: C:/Users/Tim/Desktop/hdmi-add-project/HDMI_TX/image_output.v Line: 66
Warning (10230): Verilog HDL assignment warning at image_output.v(71): truncated value with size 32 to match size of target (10) File: C:/Users/Tim/Desktop/hdmi-add-project/HDMI_TX/image_output.v Line: 71
Info (12128): Elaborating entity "vertical_draw" for hierarchy "image_output:i_output|vertical_draw:v_draw" File: C:/Users/Tim/Desktop/hdmi-add-project/HDMI_TX/image_output.v Line: 50
Info (12128): Elaborating entity "I2C_config" for hierarchy "I2C_config:i2c_config" File: C:/Users/Tim/Desktop/hdmi-add-project/HDMI_TX/HDMI_OUT.v Line: 64
Warning (10230): Verilog HDL assignment warning at I2C_config.v(69): truncated value with size 25 to match size of target (24) File: C:/Users/Tim/Desktop/hdmi-add-project/HDMI_TX/I2C_config.v Line: 69
Warning (10230): Verilog HDL assignment warning at I2C_config.v(130): truncated value with size 32 to match size of target (1) File: C:/Users/Tim/Desktop/hdmi-add-project/HDMI_TX/I2C_config.v Line: 130
Info (12128): Elaborating entity "counter" for hierarchy "I2C_config:i2c_config|counter:counter_100khz" File: C:/Users/Tim/Desktop/hdmi-add-project/HDMI_TX/I2C_config.v Line: 29
Info (12128): Elaborating entity "I2C_controller" for hierarchy "I2C_config:i2c_config|I2C_controller:I2C_cont" File: C:/Users/Tim/Desktop/hdmi-add-project/HDMI_TX/I2C_config.v Line: 44
Warning (10230): Verilog HDL assignment warning at I2C_controller.v(70): truncated value with size 32 to match size of target (8) File: C:/Users/Tim/Desktop/hdmi-add-project/HDMI_TX/I2C_controller.v Line: 70
Warning (13034): The following nodes have both tri-state and non-tri-state drivers
    Warning (13035): Inserted always-enabled tri-state buffer between "I2C_SDA" and its non-tri-state driver. File: C:/Users/Tim/Desktop/hdmi-add-project/HDMI_TX/HDMI_OUT.v Line: 7
Info (13060): One or more bidirectional pins are fed by always enabled tri-state buffers
    Info (13061): Fan-out of permanently enabled tri-state buffer feeding bidirectional pin "I2C_SDA" is moved to its source File: C:/Users/Tim/Desktop/hdmi-add-project/HDMI_TX/HDMI_OUT.v Line: 7
Warning (13009): TRI or OPNDRN buffers permanently enabled
    Warning (13010): Node "I2C_SDA~synth" File: C:/Users/Tim/Desktop/hdmi-add-project/HDMI_TX/HDMI_OUT.v Line: 7
Warning (13024): Output pins are stuck at VCC or GND
    Warning (13410): Pin "HDMI_TX_D[0]" is stuck at GND File: C:/Users/Tim/Desktop/hdmi-add-project/HDMI_TX/HDMI_OUT.v Line: 10
    Warning (13410): Pin "HDMI_TX_D[1]" is stuck at GND File: C:/Users/Tim/Desktop/hdmi-add-project/HDMI_TX/HDMI_OUT.v Line: 10
    Warning (13410): Pin "HDMI_TX_D[2]" is stuck at GND File: C:/Users/Tim/Desktop/hdmi-add-project/HDMI_TX/HDMI_OUT.v Line: 10
    Warning (13410): Pin "HDMI_TX_D[3]" is stuck at GND File: C:/Users/Tim/Desktop/hdmi-add-project/HDMI_TX/HDMI_OUT.v Line: 10
    Warning (13410): Pin "HDMI_TX_D[4]" is stuck at GND File: C:/Users/Tim/Desktop/hdmi-add-project/HDMI_TX/HDMI_OUT.v Line: 10
    Warning (13410): Pin "HDMI_TX_D[5]" is stuck at GND File: C:/Users/Tim/Desktop/hdmi-add-project/HDMI_TX/HDMI_OUT.v Line: 10
    Warning (13410): Pin "HDMI_TX_D[6]" is stuck at GND File: C:/Users/Tim/Desktop/hdmi-add-project/HDMI_TX/HDMI_OUT.v Line: 10
    Warning (13410): Pin "HDMI_TX_D[7]" is stuck at GND File: C:/Users/Tim/Desktop/hdmi-add-project/HDMI_TX/HDMI_OUT.v Line: 10
    Warning (13410): Pin "HDMI_TX_D[8]" is stuck at GND File: C:/Users/Tim/Desktop/hdmi-add-project/HDMI_TX/HDMI_OUT.v Line: 10
    Warning (13410): Pin "HDMI_TX_D[9]" is stuck at GND File: C:/Users/Tim/Desktop/hdmi-add-project/HDMI_TX/HDMI_OUT.v Line: 10
    Warning (13410): Pin "HDMI_TX_D[10]" is stuck at GND File: C:/Users/Tim/Desktop/hdmi-add-project/HDMI_TX/HDMI_OUT.v Line: 10
    Warning (13410): Pin "HDMI_TX_D[11]" is stuck at GND File: C:/Users/Tim/Desktop/hdmi-add-project/HDMI_TX/HDMI_OUT.v Line: 10
    Warning (13410): Pin "HDMI_TX_D[12]" is stuck at GND File: C:/Users/Tim/Desktop/hdmi-add-project/HDMI_TX/HDMI_OUT.v Line: 10
    Warning (13410): Pin "HDMI_TX_D[13]" is stuck at GND File: C:/Users/Tim/Desktop/hdmi-add-project/HDMI_TX/HDMI_OUT.v Line: 10
    Warning (13410): Pin "HDMI_TX_D[14]" is stuck at GND File: C:/Users/Tim/Desktop/hdmi-add-project/HDMI_TX/HDMI_OUT.v Line: 10
    Warning (13410): Pin "HDMI_TX_D[15]" is stuck at GND File: C:/Users/Tim/Desktop/hdmi-add-project/HDMI_TX/HDMI_OUT.v Line: 10
    Warning (13410): Pin "HDMI_TX_D[16]" is stuck at GND File: C:/Users/Tim/Desktop/hdmi-add-project/HDMI_TX/HDMI_OUT.v Line: 10
    Warning (13410): Pin "HDMI_TX_D[17]" is stuck at GND File: C:/Users/Tim/Desktop/hdmi-add-project/HDMI_TX/HDMI_OUT.v Line: 10
    Warning (13410): Pin "HDMI_TX_D[18]" is stuck at GND File: C:/Users/Tim/Desktop/hdmi-add-project/HDMI_TX/HDMI_OUT.v Line: 10
    Warning (13410): Pin "HDMI_TX_D[19]" is stuck at GND File: C:/Users/Tim/Desktop/hdmi-add-project/HDMI_TX/HDMI_OUT.v Line: 10
    Warning (13410): Pin "HDMI_TX_D[20]" is stuck at GND File: C:/Users/Tim/Desktop/hdmi-add-project/HDMI_TX/HDMI_OUT.v Line: 10
    Warning (13410): Pin "HDMI_TX_D[21]" is stuck at GND File: C:/Users/Tim/Desktop/hdmi-add-project/HDMI_TX/HDMI_OUT.v Line: 10
    Warning (13410): Pin "HDMI_TX_D[22]" is stuck at GND File: C:/Users/Tim/Desktop/hdmi-add-project/HDMI_TX/HDMI_OUT.v Line: 10
    Warning (13410): Pin "HDMI_TX_D[23]" is stuck at GND File: C:/Users/Tim/Desktop/hdmi-add-project/HDMI_TX/HDMI_OUT.v Line: 10
    Warning (13410): Pin "HDMI_TX_CLK" is stuck at GND File: C:/Users/Tim/Desktop/hdmi-add-project/HDMI_TX/HDMI_OUT.v Line: 11
    Warning (13410): Pin "HDMI_TX_HS" is stuck at GND File: C:/Users/Tim/Desktop/hdmi-add-project/HDMI_TX/HDMI_OUT.v Line: 12
    Warning (13410): Pin "HDMI_TX_VS" is stuck at GND File: C:/Users/Tim/Desktop/hdmi-add-project/HDMI_TX/HDMI_OUT.v Line: 13
    Warning (13410): Pin "HDMI_TX_DE" is stuck at GND File: C:/Users/Tim/Desktop/hdmi-add-project/HDMI_TX/HDMI_OUT.v Line: 14
Info (286030): Timing-Driven Synthesis is running
Info (17049): 12 registers lost all their fanouts during netlist optimizations.
Info (144001): Generated suppressed messages file C:/Users/Tim/Desktop/hdmi-add-project/HDMI_TX/output_files/HDMI_OUT.map.smsg
Info (16010): Generating hard_block partition "hard_block:auto_generated_inst"
    Info (16011): Adding 0 node(s), including 0 DDIO, 0 PLL, 0 transceiver and 0 LCELL
Warning (21074): Design contains 1 input pin(s) that do not drive logic
    Warning (15610): No output dependent on input pin "HDMI_TX_INT" File: C:/Users/Tim/Desktop/hdmi-add-project/HDMI_TX/HDMI_OUT.v Line: 5
Info (21057): Implemented 137 device resources after synthesis - the final resource count might be different
    Info (21058): Implemented 3 input pins
    Info (21059): Implemented 32 output pins
    Info (21060): Implemented 1 bidirectional pins
    Info (21061): Implemented 101 logic cells
Info: Quartus Prime Analysis & Synthesis was successful. 0 errors, 43 warnings
    Info: Peak virtual memory: 4844 megabytes
    Info: Processing ended: Mon Jun 03 21:20:16 2019
    Info: Elapsed time: 00:00:10
    Info: Total CPU time (on all processors): 00:00:22


+------------------------------------------+
; Analysis & Synthesis Suppressed Messages ;
+------------------------------------------+
The suppressed messages can be found in C:/Users/Tim/Desktop/hdmi-add-project/HDMI_TX/output_files/HDMI_OUT.map.smsg.


