------------------------------------------------------------
Timing Analyzer Summary
------------------------------------------------------------

Type  : Slow 1100mV 100C Model Setup '_clock_25'
Slack : -4.492
TNS   : -124.531

Type  : Slow 1100mV 100C Model Setup 'I2C_config:i2c_config|I2C_controller:I2C_cont|counter:counter_100khz|TC_out'
Slack : -2.886
TNS   : -59.854

Type  : Slow 1100mV 100C Model Setup '_clock_50'
Slack : -2.830
TNS   : -2.830

Type  : Slow 1100mV 100C Model Hold '_clock_25'
Slack : 0.658
TNS   : 0.000

Type  : Slow 1100mV 100C Model Hold 'I2C_config:i2c_config|I2C_controller:I2C_cont|counter:counter_100khz|TC_out'
Slack : 0.938
TNS   : 0.000

Type  : Slow 1100mV 100C Model Hold '_clock_50'
Slack : 1.011
TNS   : 0.000

Type  : Slow 1100mV 100C Model Minimum Pulse Width '_clock_50'
Slack : -0.608
TNS   : -1.146

Type  : Slow 1100mV 100C Model Minimum Pulse Width '_clock_25'
Slack : -0.538
TNS   : -29.579

Type  : Slow 1100mV 100C Model Minimum Pulse Width 'I2C_config:i2c_config|I2C_controller:I2C_cont|counter:counter_100khz|TC_out'
Slack : -0.538
TNS   : -23.226

Type  : Slow 1100mV -40C Model Setup '_clock_25'
Slack : -4.501
TNS   : -128.949

Type  : Slow 1100mV -40C Model Setup 'I2C_config:i2c_config|I2C_controller:I2C_cont|counter:counter_100khz|TC_out'
Slack : -2.864
TNS   : -59.366

Type  : Slow 1100mV -40C Model Setup '_clock_50'
Slack : -2.605
TNS   : -2.605

Type  : Slow 1100mV -40C Model Hold '_clock_25'
Slack : 0.598
TNS   : 0.000

Type  : Slow 1100mV -40C Model Hold 'I2C_config:i2c_config|I2C_controller:I2C_cont|counter:counter_100khz|TC_out'
Slack : 0.910
TNS   : 0.000

Type  : Slow 1100mV -40C Model Hold '_clock_50'
Slack : 0.931
TNS   : 0.000

Type  : Slow 1100mV -40C Model Minimum Pulse Width '_clock_50'
Slack : -0.617
TNS   : -1.155

Type  : Slow 1100mV -40C Model Minimum Pulse Width '_clock_25'
Slack : -0.538
TNS   : -29.268

Type  : Slow 1100mV -40C Model Minimum Pulse Width 'I2C_config:i2c_config|I2C_controller:I2C_cont|counter:counter_100khz|TC_out'
Slack : -0.538
TNS   : -23.293

Type  : Fast 1100mV 100C Model Setup '_clock_50'
Slack : -2.085
TNS   : -2.085

Type  : Fast 1100mV 100C Model Setup '_clock_25'
Slack : -1.930
TNS   : -48.436

Type  : Fast 1100mV 100C Model Setup 'I2C_config:i2c_config|I2C_controller:I2C_cont|counter:counter_100khz|TC_out'
Slack : -1.375
TNS   : -20.916

Type  : Fast 1100mV 100C Model Hold '_clock_25'
Slack : 0.256
TNS   : 0.000

Type  : Fast 1100mV 100C Model Hold 'I2C_config:i2c_config|I2C_controller:I2C_cont|counter:counter_100khz|TC_out'
Slack : 0.388
TNS   : 0.000

Type  : Fast 1100mV 100C Model Hold '_clock_50'
Slack : 1.040
TNS   : 0.000

Type  : Fast 1100mV 100C Model Minimum Pulse Width '_clock_50'
Slack : -0.622
TNS   : -1.042

Type  : Fast 1100mV 100C Model Minimum Pulse Width '_clock_25'
Slack : 0.053
TNS   : 0.000

Type  : Fast 1100mV 100C Model Minimum Pulse Width 'I2C_config:i2c_config|I2C_controller:I2C_cont|counter:counter_100khz|TC_out'
Slack : 0.133
TNS   : 0.000

Type  : Fast 1100mV -40C Model Setup '_clock_25'
Slack : -1.621
TNS   : -40.858

Type  : Fast 1100mV -40C Model Setup '_clock_50'
Slack : -1.615
TNS   : -1.615

Type  : Fast 1100mV -40C Model Setup 'I2C_config:i2c_config|I2C_controller:I2C_cont|counter:counter_100khz|TC_out'
Slack : -1.089
TNS   : -16.385

Type  : Fast 1100mV -40C Model Hold '_clock_25'
Slack : 0.203
TNS   : 0.000

Type  : Fast 1100mV -40C Model Hold 'I2C_config:i2c_config|I2C_controller:I2C_cont|counter:counter_100khz|TC_out'
Slack : 0.336
TNS   : 0.000

Type  : Fast 1100mV -40C Model Hold '_clock_50'
Slack : 0.697
TNS   : 0.000

Type  : Fast 1100mV -40C Model Minimum Pulse Width '_clock_50'
Slack : -0.693
TNS   : -1.271

Type  : Fast 1100mV -40C Model Minimum Pulse Width '_clock_25'
Slack : 0.091
TNS   : 0.000

Type  : Fast 1100mV -40C Model Minimum Pulse Width 'I2C_config:i2c_config|I2C_controller:I2C_cont|counter:counter_100khz|TC_out'
Slack : 0.130
TNS   : 0.000

------------------------------------------------------------
